#-----------------------------------------------------------
# Vivado v2018.2 (64-bit)
# SW Build 2258646 on Thu Jun 14 20:03:12 MDT 2018
# IP Build 2256618 on Thu Jun 14 22:10:49 MDT 2018
# Start of session at: Thu Oct  1 20:05:04 2026
# Process ID: 22048
# Current directory: C:/Users/PC/Desktop/digital systems design lab 2/Ripple_Carry_Adder
# Command line: vivado.exe -gui_launcher_event rodinguilauncherevent19600 C:\Users\PC\Desktop\digital systems design lab 2\Ripple_Carry_Adder\Ripple_Carry_Adder.xpr
# Log file: C:/Users/PC/Desktop/digital systems design lab 2/Ripple_Carry_Adder/vivado.log
# Journal file: C:/Users/PC/Desktop/digital systems design lab 2/Ripple_Carry_Adder\vivado.jou
#-----------------------------------------------------------
start_gui
open_project {C:/Users/PC/Desktop/digital systems design lab 2/Ripple_Carry_Adder/Ripple_Carry_Adder.xpr}
Scanning sources...
Finished scanning sources
INFO: [IP_Flow 19-234] Refreshing IP repositories
INFO: [IP_Flow 19-1704] No user IP repositories specified
INFO: [IP_Flow 19-2313] Loaded Vivado IP repository 'D:/Vivado/2018.2/data/ip'.
open_project: Time (s): cpu = 00:00:21 ; elapsed = 00:00:13 . Memory (MB): peak = 866.910 ; gain = 141.422
update_compile_order -fileset sources_1
exit
INFO: [Common 17-206] Exiting Vivado at Thu Oct  1 20:05:44 2026...
